[github.com/aziz5155/amazon.html]
[www.amazon.com/index.html]
[github.githubassets.com/assets/light-efd2f2257c96.css]
[github.githubassets.com/assets/dark-6b1e37da2254.css]
[github.githubassets.com/assets/dark_dimmed-aa16bfa90fb8.css]
[github.githubassets.com/assets/dark_high_contrast-f4daad25d8cf.css]
[github.githubassets.com/assets/dark_colorblind-a4629b2e906b.css]
[github.githubassets.com/assets/light_colorblind-afcc3a6a38dd.css]
[github.githubassets.com/assets/light_high_contrast-79bca7145393.css]
[github.githubassets.com/assets/light_tritanopia-fe4137b54b26.css]
[github.githubassets.com/assets/dark_tritanopia-1911f0cf0db4.css]
[github.githubassets.com/assets/primer-primitives-8500c2c7ce5f.css]
[github.githubassets.com/assets/primer-61560ce103d3.css]
[github.githubassets.com/assets/global-526475a50099.css]
[github.githubassets.com/assets/github-0c7b5281bcc9.css]
[github.githubassets.com/assets/repository-7247b57543b3.css]
[github.githubassets.com/assets/code-68246ade0881.css]
[github.githubassets.com/assets/wp-runtime-fd59e65a3e44.js]
[github.githubassets.com/assets/vendors-node_modules_dompurify_dist_purify_js-810e4b1b9abd.js]
[github.githubassets.com/assets/vendors-node_modules_oddbird_popover-polyfill_dist_popover_js-4ac41d0a76fd.js]
[github.githubassets.com/assets/vendors-node_modules_github_mini-throttle_dist_index_js-node_modules_smoothscroll-polyfill_di-75db2e-e091a6d939e9.js]
[github.githubassets.com/assets/environment-a36e9a1c67ad.js]
[github.githubassets.com/assets/vendors-node_modules_primer_behaviors_dist_esm_focus-zone_js-03bcda509ec9.js]
[github.githubassets.com/assets/vendors-node_modules_github_selector-observer_dist_index_esm_js-9f960d9b217c.js]
[github.githubassets.com/assets/vendors-node_modules_github_auto-complete-element_dist_index_js-node_modules_github_details-d-ed9a97-dfdebffa4a55.js]
[github.githubassets.com/assets/vendors-node_modules_github_text-expander-element_dist_index_js-b2135edb5ced.js]
[github.githubassets.com/assets/vendors-node_modules_github_mini-throttle_dist_index_js-node_modules_delegated-events_dist_in-3efda3-bd1c71f99e25.js]
[github.githubassets.com/assets/vendors-node_modules_github_filter-input-element_dist_index_js-node_modules_github_remote-inp-b7d8f4-6e6f83bcc978.js]
[github.githubassets.com/assets/vendors-node_modules_github_catalyst_lib_index_js-node_modules_github_clipboard-copy-element_-782ca5-14181f295dc0.js]
[github.githubassets.com/assets/vendors-node_modules_github_file-attachment-element_dist_index_js-node_modules_primer_view-co-c238a4-a49e223f0ca2.js]
[github.githubassets.com/assets/app_assets_modules_github_onfocus_ts-ui_packages_trusted-types-policies_policy_ts-ui_packages-6fe316-d97d91568d25.js]
[github.githubassets.com/assets/github-elements-a67805df382e.js]
[github.githubassets.com/assets/element-registry-91d3d26e0e37.js]
[github.githubassets.com/assets/vendors-node_modules_github_catalyst_lib_index_js-node_modules_github_hydro-analytics-client_-4da1df-b779d50bdb3a.js]
[github.githubassets.com/assets/vendors-node_modules_braintree_browser-detection_dist_browser-detection_js-node_modules_stack-68835d-59206c834a41.js]
[github.githubassets.com/assets/vendors-node_modules_lit-html_lit-html_js-cc7cb714ead5.js]
[github.githubassets.com/assets/vendors-node_modules_github_mini-throttle_dist_index_js-node_modules_morphdom_dist_morphdom-e-7c534c-38ef9cb819da.js]
[github.githubassets.com/assets/vendors-node_modules_github_turbo_dist_turbo_es2017-esm_js-1cea0f5eff45.js]
[github.githubassets.com/assets/vendors-node_modules_github_remote-form_dist_index_js-node_modules_delegated-events_dist_inde-893f9f-880ac2bbb719.js]
[github.githubassets.com/assets/vendors-node_modules_scroll-anchoring_dist_scroll-anchoring_esm_js-node_modules_github_hotkey-1a1d91-56e858031112.js]
[github.githubassets.com/assets/vendors-node_modules_color-convert_index_js-cdd1e82b3795.js]
[github.githubassets.com/assets/vendors-node_modules_primer_behaviors_dist_esm_dimensions_js-node_modules_github_jtml_lib_index_js-b1947a1d4855.js]
[github.githubassets.com/assets/vendors-node_modules_github_session-resume_dist_index_js-node_modules_primer_behaviors_dist_e-da6ec6-77ce2f267f4e.js]
[github.githubassets.com/assets/vendors-node_modules_github_quote-selection_dist_index_js-node_modules_github_textarea-autosi-9e0349-7c78ee755ad3.js]
[github.githubassets.com/assets/app_assets_modules_github_updatable-content_ts-fd68b41b03a0.js]
[github.githubassets.com/assets/app_assets_modules_github_behaviors_task-list_ts-app_assets_modules_github_onfocus_ts-app_ass-421cec-4a1d8a9ad687.js]
[github.githubassets.com/assets/app_assets_modules_github_sticky-scroll-into-view_ts-4dd22d959621.js]
[github.githubassets.com/assets/app_assets_modules_github_behaviors_ajax-error_ts-app_assets_modules_github_behaviors_include-467754-acdbd37f0cc6.js]
[github.githubassets.com/assets/app_assets_modules_github_behaviors_commenting_edit_ts-app_assets_modules_github_behaviors_ht-83c235-26fa06a2383b.js]
[github.githubassets.com/assets/app_assets_modules_github_blob-anchor_ts-app_assets_modules_github_filter-sort_ts-app_assets_-c96432-a9a6d17d145c.js]
[github.githubassets.com/assets/behaviors-ac844bd01e4d.js]
[github.githubassets.com/assets/vendors-node_modules_delegated-events_dist_index_js-node_modules_github_catalyst_lib_index_js-06ff531-2ea61fcc9a71.js]
[github.githubassets.com/assets/notifications-global-ce1721184096.js]
[github.githubassets.com/assets/vendors-node_modules_virtualized-list_es_index_js-node_modules_github_template-parts_lib_index_js-878844713bc9.js]
[github.githubassets.com/assets/vendors-node_modules_github_remote-form_dist_index_js-node_modules_delegated-events_dist_inde-e53a3f-52039a64560e.js]
[github.githubassets.com/assets/app_assets_modules_github_ref-selector_ts-75a3ab0a8783.js]
[github.githubassets.com/assets/codespaces-db45f047ba18.js]
[github.githubassets.com/assets/vendors-node_modules_github_filter-input-element_dist_index_js-node_modules_github_remote-inp-5b684a-3637aaaec00b.js]
[github.githubassets.com/assets/vendors-node_modules_github_file-attachment-element_dist_index_js-node_modules_github_mini-th-9dbbd2-d7a3fae24e68.js]
[github.githubassets.com/assets/app_assets_modules_github_repositories_get-repo-element_ts-6258973fbfd5.js]
[github.githubassets.com/assets/repositories-ff512d343c0e.js]
[github.githubassets.com/assets/vendors-node_modules_github_mini-throttle_dist_index_js-node_modules_github_catalyst_lib_inde-dbbea9-bac2d7b04358.js]
[github.githubassets.com/assets/code-menu-14f80622cb85.js]
[github.githubassets.com/assets/react-lib-a89cbd87a1e0.js]
[github.githubassets.com/assets/vendors-node_modules_github_mini-throttle_dist_index_js-node_modules_primer_octicons-react_di-b40d97-9b98c5140e22.js]
[github.githubassets.com/assets/vendors-node_modules_primer_react_lib-esm_Box_Box_js-5a335cbe71ad.js]
[github.githubassets.com/assets/vendors-node_modules_primer_react_lib-esm_Button_Button_js-83e3876ae2f4.js]
[github.githubassets.com/assets/vendors-node_modules_primer_react_lib-esm_TooltipV2_Tooltip_js-bf3e8e618a5c.js]
[github.githubassets.com/assets/vendors-node_modules_clsx_dist_clsx_m_js-node_modules_primer_react_node_modules_primer_octico-c56103-69406d13de9c.js]
[github.githubassets.com/assets/vendors-node_modules_primer_react_lib-esm_ActionList_index_js-71451907bb28.js]
[github.githubassets.com/assets/vendors-node_modules_primer_react_lib-esm_Text_Text_js-node_modules_primer_react_lib-esm_Text-7845da-072b25840dd1.js]
[github.githubassets.com/assets/vendors-node_modules_primer_react_lib-esm_ActionMenu_ActionMenu_js-node_modules_primer_react_-5b2420-de3627095d51.js]
[github.githubassets.com/assets/vendors-node_modules_primer_react_lib-esm_FormControl_FormControl_js-31b7ef432e82.js]
[github.githubassets.com/assets/vendors-node_modules_primer_react_lib-esm_SelectPanel_SelectPanel_js-84ec020d6084.js]
[backblue.gif]
[fade.gif]
[index.html]
[github.com/aziz5155/amazon.html]
[www.amazon.com/index.html]
[github.githubassets.com/assets/light-efd2f2257c96.css]
[github.githubassets.com/assets/dark-6b1e37da2254.css]
[github.githubassets.com/assets/dark_dimmed-aa16bfa90fb8.css]
[github.githubassets.com/assets/dark_high_contrast-f4daad25d8cf.css]
[github.githubassets.com/assets/dark_colorblind-a4629b2e906b.css]
[github.githubassets.com/assets/light_colorblind-afcc3a6a38dd.css]
[github.githubassets.com/assets/light_high_contrast-79bca7145393.css]
[github.githubassets.com/assets/light_tritanopia-fe4137b54b26.css]
[github.githubassets.com/assets/dark_tritanopia-1911f0cf0db4.css]
[github.githubassets.com/assets/primer-primitives-8500c2c7ce5f.css]
[github.githubassets.com/assets/primer-61560ce103d3.css]
[github.githubassets.com/assets/global-526475a50099.css]
[github.githubassets.com/assets/github-0c7b5281bcc9.css]
[github.githubassets.com/assets/repository-7247b57543b3.css]
[github.githubassets.com/assets/code-68246ade0881.css]
[github.githubassets.com/assets/vendors-node_modules_primer_react_lib-esm_SelectPanel_SelectPanel_js-84ec020d6084.html]
